// Jest Snapshot v1, https://goo.gl/fbAQLP

exports[`aggregateReport() 1`] = `
{
  "added": [
    {
      "location": null,
      "name": "arrify",
      "version": "2.0.1",
    },
  ],
  "packageCount": 4,
  "packageUrls": {
    "arrify": {
      "name": "arrify",
      "type": "github",
      "url": "https://github.com/sindresorhus/arrify",
    },
    "css-select": {
      "name": "css-select",
      "type": "github",
      "url": "https://github.com/fb55/css-select",
    },
    "xmldom": {
      "name": "xmldom",
      "type": "github",
      "url": "https://github.com/xmldom/xmldom",
    },
    "y18n": {
      "name": "y18n",
      "type": "github",
      "url": "https://github.com/yargs/y18n",
    },
  },
  "removed": [
    {
      "location": "svgo/node_modules/css-select",
      "name": "css-select",
      "severity": null,
      "title": null,
      "url": null,
      "version": "3.1.2",
    },
    {
      "location": null,
      "name": "xmldom",
      "severity": "Low",
      "title": "Misinterpretation of malicious XML input",
      "url": "https://npmjs.com/advisories/1650",
      "version": "0.5.0",
    },
  ],
  "updated": [
    {
      "location": null,
      "name": "y18n",
      "previousVersion": "4.0.0",
      "severity": "High",
      "title": "Prototype Pollution",
      "url": "https://npmjs.com/advisories/1654",
      "version": "4.0.1",
    },
  ],
}
`;
